804467F0:Alarm
8034C288:AlarmHandler
8033F14C:Callback
8014F544:CheckCreateHeap__FP10fopAc_ac_c
8035AF20:EraseCallback
80356354:OnReset
803CBFC0:ResetFunctionInfo
803B8120:SelEndFrameTbl
803B8138:SelOpenEndFrameTbl
803B812C:SelOpenStartFrameTbl
803B8114:SelStartFrameTbl
803CB350:Type
8035ADB0:WriteCallback
803B8154:YnSelEndFrameTbl
803B8144:YnSelStartFrameTbl
800000F8:__OSBusClock
803963B0:cNullVec__6Z2Calc
8042E500:decompMutex
802DC7F8:decompSZS_subroutine__FPUcPUc
803B56D0:fileWarningProc
802DD884:firstSrcData__Fv
8044A754:freezeActors
8044A190:gRecvBuf
8044A690:gRecvCB
803B7D80:init
803BB158:init_proc
803BAFD4:init_process
80157D00:jntNodeCallBack__FP8J3DJointi
8038D670:l_bckTbl_M
8038D820:l_bckTbl_W
803B0494:l_bmdTWTbl
803B03A4:l_bmdTbl
8038D608:l_objTWTbl
8038D5A0:l_objTbl
8038D2E8:l_resMADa
8038D3A8:l_resMADa2
8038D2D0:l_resMANa
8038D390:l_resMANa2
8038D330:l_resMANb
8038D3F0:l_resMANb2
8038D348:l_resMANc
8038D408:l_resMANc2
8038D360:l_resMASa
8038D420:l_resMASa2
8038D480:l_resMATa
8038D528:l_resMATa2
8038D378:l_resMBNa
8038D438:l_resMBNa2
8038D300:l_resMCNa
8038D3C0:l_resMCNa2
8038D318:l_resMONa
8038D3D8:l_resMONa2
803B032C:l_resNameTbl
8038D468:l_resWADa
8038D510:l_resWADa2
8038D450:l_resWANa
8038D4F8:l_resWANa2
8038D4E0:l_resWANb
8038D588:l_resWANb2
8038D498:l_resWCNa
8038D540:l_resWCNa2
8038D4C8:l_resWGNa
8038D570:l_resWGNa2
8038D4B0:l_resWONa
8038D558:l_resWONa2
8041F0D4:l_wcsbuf
803D6F94:linkStatus
803C5370:mEnemyInfo
803B8954:map_init_process
803B89B4:map_move_process
803BB064:move_process
802DD938:nextSrcData__FPUc
800030C8:osModuleList
8025AB40:phase_1__FPc
8025ABBC:phase_2__FPc
803BB1D0:process
8042A2E4:wZButtonPtr
CC008000:wgPipe
