8044E670:Alarm
8034AC58:AlarmHandler
8033DAB0:Callback
8014F704:CheckCreateHeap__FP10fopAc_ac_c
803598B4:EraseCallback
80354CE8:OnReset
803D3E20:ResetFunctionInfo
803BFC70:SelEndFrameTbl
803BFC88:SelOpenEndFrameTbl
803BFC7C:SelOpenStartFrameTbl
803BFC64:SelStartFrameTbl
803D31B0:Type
80359744:WriteCallback
803BFCA4:YnSelEndFrameTbl
803BFC94:YnSelStartFrameTbl
800000F8:__OSBusClock
8039DF30:cNullVec__6Z2Calc
80436380:decompMutex
802DB15C:decompSZS_subroutine__FPUcPUc
803BD250:fileWarningProc
802DC1E8:firstSrcData__Fv
804525D4:freezeActors
80452010:gRecvBuf
80452510:gRecvCB
803BF8F4:init
803C2CF8:init_proc
803C2B74:init_process
80157EC0:jntNodeCallBack__FP8J3DJointi
80394DF0:l_bckTbl_M
80394FA0:l_bckTbl_W
803B8014:l_bmdTWTbl
803B7F24:l_bmdTbl
80394D88:l_objTWTbl
80394D20:l_objTbl
80394A68:l_resMADa
80394B28:l_resMADa2
80394A50:l_resMANa
80394B10:l_resMANa2
80394AB0:l_resMANb
80394B70:l_resMANb2
80394AC8:l_resMANc
80394B88:l_resMANc2
80394AE0:l_resMASa
80394BA0:l_resMASa2
80394C00:l_resMATa
80394CA8:l_resMATa2
80394AF8:l_resMBNa
80394BB8:l_resMBNa2
80394A80:l_resMCNa
80394B40:l_resMCNa2
80394A98:l_resMONa
80394B58:l_resMONa2
803B7EAC:l_resNameTbl
80394BE8:l_resWADa
80394C90:l_resWADa2
80394BD0:l_resWANa
80394C78:l_resWANa2
80394C60:l_resWANb
80394D08:l_resWANb2
80394C18:l_resWCNa
80394CC0:l_resWCNa2
80394C48:l_resWGNa
80394CF0:l_resWGNa2
80394C30:l_resWONa
80394CD8:l_resWONa2
80426F34:l_wcsbuf
803DEDF4:linkStatus
803CD1D0:mEnemyInfo
803C04F4:map_init_process
803C0554:map_move_process
803C2C04:move_process
802DC29C:nextSrcData__FPUc
800030C8:osModuleList
80259554:phase_1__FPc
802595D0:phase_2__FPc
803C2D70:process
80432164:wZButtonPtr
CC008000:wgPipe
