8044C6B0:Alarm
80349DEC:AlarmHandler
8033CCB0:Callback
8014F4F8:CheckCreateHeap__FP10fopAc_ac_c
80358A84:EraseCallback
80353EB8:OnReset
803D1E80:ResetFunctionInfo
803BDF90:SelEndFrameTbl
803BDFA8:SelOpenEndFrameTbl
803BDF9C:SelOpenStartFrameTbl
803BDF84:SelStartFrameTbl
803D1210:Type
80358914:WriteCallback
803BDFC4:YnSelEndFrameTbl
803BDFB4:YnSelStartFrameTbl
800000F8:__OSBusClock
8039C250:cNullVec__6Z2Calc
804343C0:decompMutex
802DA35C:decompSZS_subroutine__FPUcPUc
803BB570:fileWarningProc
802DB3E8:firstSrcData__Fv
80450614:freezeActors
80450050:gRecvBuf
80450550:gRecvCB
803BDC14:init
803C1018:init_proc
803C0E94:init_process
80157CB4:jntNodeCallBack__FP8J3DJointi
803935F0:l_bckTbl_M
803937A0:l_bckTbl_W
803B6334:l_bmdTWTbl
803B6244:l_bmdTbl
80393588:l_objTWTbl
80393520:l_objTbl
80393268:l_resMADa
80393328:l_resMADa2
80393250:l_resMANa
80393310:l_resMANa2
803932B0:l_resMANb
80393370:l_resMANb2
803932C8:l_resMANc
80393388:l_resMANc2
803932E0:l_resMASa
803933A0:l_resMASa2
80393400:l_resMATa
803934A8:l_resMATa2
803932F8:l_resMBNa
803933B8:l_resMBNa2
80393280:l_resMCNa
80393340:l_resMCNa2
80393298:l_resMONa
80393358:l_resMONa2
803B61CC:l_resNameTbl
803933E8:l_resWADa
80393490:l_resWADa2
803933D0:l_resWANa
80393478:l_resWANa2
80393460:l_resWANb
80393508:l_resWANb2
80393418:l_resWCNa
803934C0:l_resWCNa2
80393448:l_resWGNa
803934F0:l_resWGNa2
80393430:l_resWONa
803934D8:l_resWONa2
80424F94:l_wcsbuf
803CB230:mEnemyInfo
803BE814:map_init_process
803BE874:map_move_process
803C0F24:move_process
802DB49C:nextSrcData__FPUc
802587A4:phase_1__FPc
80258820:phase_2__FPc
803C1090:process
CC008000:wgPipe
