804CFEC0:Alarm
80352D50:Callback
8013BE68:CheckCreateHeap_fopAc_ac_c___
8035D194:EraseCallback
8031B7BC:GDOverflowCheck
800582C0:GXPosition2f32
80305620:GXPosition3f32
8031932C:J3DGDWriteBPCmd_unsigned_long_
8031B7DC:J3DGDWriteXFCmdHdr_unsigned_short__unsigned_char_
8031B830:J3DGDWrite_u16_unsigned_short_
8031B860:J3DGDWrite_u32_unsigned_long_
803226A8:OSf32tos16
8032268C:OSf32tou8
8036735C:OnShutdown
803FE8C4:SelEndFrameTbl
803FE8DC:SelOpenEndFrameTbl
803FE8D0:SelOpenStartFrameTbl
803FE8B8:SelStartFrameTbl
80425AE0:ShutdownFunctionInfo
80422738:Type
8035D030:WriteCallback
803FE8F8:YnSelEndFrameTbl
803FE8E8:YnSelStartFrameTbl
803D7F98:Z2Calc__cNullVec
80425A38:_1
803D4538:_101720
804A6D38:_10668
80401060:_106785
803FE7E8:_108757
803BD404:_110999
803BD588:_111361
803BD624:_111587
803E75A8:_111989
803FC108:_112693
803FC1C4:_113468
8042DDA0:_1169
8042E598:_1172
8042E578:_1173
8042DDCC:_1174
8042DDE4:_1175
8042DDF4:_1176
8040332C:_119368
80497280:_130081
80497298:_130085
804972B0:_130089
804972C8:_130093
8042E418:_1375
80424338:_1398
8042DB28:_1419
8040CE28:_14274
80427FF4:_1433
80428020:_1435
8042DBC0:_1448
8040744C:_14506
8042DD68:_1516
8042D268:_1573
803DD588:_1618
803DE7E4:_162
80429354:_1629
8042D2E4:_1631
80429410:_1637
8042B848:_1638
8042B910:_1642
8042D338:_1655
8042BC58:_1656
8042C368:_1658
80426B3C:_1661
8042CF10:_1662
8042CF44:_1663
8042CF68:_1664
8042CF98:_1665
8042D348:_1666
8042D358:_1667
8042D370:_1668
8042D040:_1669
8042D06C:_1670
8042D098:_1671
80429438:_1673
8042D0B4:_1674
804294BC:_1677
80429494:_1678
80426B70:_1679
80426B90:_1680
80426BB8:_1681
8042BCE8:_1682
8042BD08:_1683
8042BD40:_1684
8042C38C:_1685
8042C3A8:_1686
8042C3EC:_1687
80426C28:_1692
8042D0E4:_1693
8042D0F8:_1694
80426C74:_1695
8042D398:_1702
8042D3A8:_1703
8042C4A4:_1704
8042C4CC:_1707
8042BEB4:_1708
8042BED8:_1709
8042BEFC:_1710
8042E0B8:_1716
8042E0D4:_1717
8042E0F4:_1718
8042C538:_1721
8042C560:_1722
8042E118:_1723
8042B9AC:_1724
8042C590:_1725
8042D3F8:_1732
8042CBA0:_1744
8042CBC0:_1745
8042D420:_1746
8042C680:_1747
8042C6C0:_1748
8042C6F8:_1751
80429514:_1761
8042A4E8:_1775
8042B338:_1777
8042953C:_1792
80429550:_1793
8042BA90:_1798
8042D4A0:_1799
8042C7FC:_1800
8042C818:_1801
8042C848:_1802
8042C878:_1803
8042C8B4:_1804
8042C8F4:_1805
8042D4B4:_1812
8042CC6C:_1822
8042D4CC:_1829
8042CAE0:_1863
8042CC84:_1869
8042A54C:_1911
8042D12C:_2067
8042A6E8:_2107
80423C9C:_2197
8042B238:_2212
80429000:_2277
8042A1D8:_2337
8042EC78:_2337__MSL_C_PPCEABI_bare_H_a
8042D1D0:_2338
8042A248:_2362
80415FBC:_2363
8041603C:_2364
8042B278:_2368
8042B298:_2369
8042A274:_2372
8042A334:_2377
8042A388:_2396
80429040:_2488
80425660:_2587
8042A848:_2894
8042A868:_2895
8042A894:_2896
803DE7B8:_290
8042A8C0:_2900
803DE740:_307
8042ADC0:_3125
8042ADFC:_3195
80428808:_3197
8042AE34:_3238
8042AE68:_3250
80428AF0:_3252
8042AECC:_3318
80428EEC:_3319
8042AF10:_3358
8042AF54:_3359
804245D0:_3363
8042AFC0:_3377
8042477C:_3379
80407AE8:_339
804247F0:_3398
80425E7C:_3412
80424A60:_3481
8042B0D4:_3485
8042B114:_3486
8042B1D0:_3491
8042B21C:_3519
80424F34:_3676
80425718:_3899
804A6FAC:_45840
8042EDD8:_488
8042EDF4:_522
80428210:_528
8042824C:_529
80410840:_549
80425AF0:_6476
8042DE98:_704
8042DEBC:_708
8042D670:_712
8042D68C:_713
8042D6C4:_714
80425CA4:_7415
8042D7CC:_778
8042D7EC:_779
8042D808:_780
8042D820:_781
804280F8:_783
8042D848:_784
80428124:_785
8042D87C:_796
8042D8A4:_809
804296B8:_811
8042D8C8:_812
8042D784:_813
804296F4:_814
80429708:_815
80429718:_816
80429730:_817
80429764:_818
8042D8EC:_826
8042D910:_829
80428130:_831
80428148:_832
80428160:_833
80429804:_863
80429998:_865
804299BC:_866
804299F0:_867
8042D9C4:_868
8042D9EC:_871
80429A1C:_880
80428194:_881
8042DA28:_885
803EC9EC:_89094
803EC948:_89106
804044DC:_89289
8042DA4C:_895
80422620:_896
804051B0:_89752
804281B4:_901
8042256C:_902
803DEECC:_90278
803DEF34:_90280
803DEF98:_90286
8040C460:_90512
8042B4CC:_906
804A0688:_90936
803DE9CC:_90937
8040C51C:_91290
804A1F9C:_91440
804044E8:_91528
803FF5E0:_91718
803FF60C:_91720
803FFAA0:_92135
803FB894:_92186
80402980:_92621
803E761C:_92709
8049635C:_93022
80496368:_93023
80496374:_93024
80496380:_93025
80496414:_93030
80496444:_93034
8049645C:_93036
80496498:_93037
803DF758:_93045
80462900:_93108
803DFA04:_93147
803DFC6C:_93264
804A2CF0:_93592
803EDB78:_93593
803F316C:_93610
8042B510:_942
8042B590:_946
80404230:_94699
804042A0:_94705
803EA1DC:_94799
80402180:_94807
803D6E30:_95063
803ECDFC:_95065
8049A1A0:_95449
8049A470:_95450
8049A2D8:_95475
80429A70:_955
8049E840:_95518
8049E488:_95753
8049E4C4:_95758
8049E524:_95766
804009FC:_97071
803F9BC8:_97651
803E689C:_97962
803E6A2C:_97964
800000F8:__OSBusClock
803BA8D8:_ctors_99__Linker_Generated_Symbol_File
803BA8E8:_dtors_99__Linker_Generated_Symbol_File
803D7EB0:_stringBase0
803DDD68:_stringBase0__MSL_C_PPCEABI_bare_H_a
803DD6F8:_stringBase0__Runtime_PPCEABI_H_a
80012084:dbg_inst
804A6D80:decompMutex
803FB698:fileWarningProc
803FE350:init
80402550:init_proc
804022F8:init_process
80142F18:jntNodeCallBack_J3DJoint____int_
803D33F8:l_bckTbl_M
803D35A8:l_bckTbl_W
803F604C:l_bmdTWTbl
803F5F5C:l_bmdTbl
803D3390:l_objTWTbl
803D3328:l_objTbl
803D3070:l_resMADa
803D3130:l_resMADa2
803D3058:l_resMANa
803D3118:l_resMANa2
803D30B8:l_resMANb
803D3178:l_resMANb2
803D30D0:l_resMANc
803D3190:l_resMANc2
803D30E8:l_resMASa
803D31A8:l_resMASa2
803D3208:l_resMATa
803D32B0:l_resMATa2
803D3100:l_resMBNa
803D31C0:l_resMBNa2
803D3088:l_resMCNa
803D3148:l_resMCNa2
803D30A0:l_resMONa
803D3160:l_resMONa2
803F5EE4:l_resNameTbl
803D31F0:l_resWADa
803D3298:l_resWADa2
803D31D8:l_resWANa
803D3280:l_resWANa2
803D3268:l_resWANb
803D3310:l_resWANb2
803D3220:l_resWCNa
803D32C8:l_resWCNa2
803D3250:l_resWGNa
803D32F8:l_resWGNa2
803D3238:l_resWONa
803D32E0:l_resWONa2
80496BD4:l_wcsbuf
8040D558:mEnemyInfo
803FEFA8:map_init_process
803FEFD8:map_move_process
80402340:move_process
800030C8:osModuleList
80245640:phase_1_char___
802456BC:phase_2_char___
8040258C:process
CC008000:wgPipe
