804EBFC0:Alarm
80366860:Callback
8013B930:CheckCreateHeap_fopAc_ac_c___
80370CA4:EraseCallback
8032F2CC:GDOverflowCheck
800581B0:GXPosition2f32
80319130:GXPosition3f32
8032CE3C:J3DGDWriteBPCmd_unsigned_long_
8032F2EC:J3DGDWriteXFCmdHdr_unsigned_short__unsigned_char_
8032F340:J3DGDWrite_u16_unsigned_short_
8032F370:J3DGDWrite_u32_unsigned_long_
803361B8:OSf32tos16
8033619C:OSf32tou8
8037AE6C:OnShutdown
804155EC:SelEndFrameTbl
80415604:SelOpenEndFrameTbl
804155F8:SelOpenStartFrameTbl
804155E0:SelStartFrameTbl
80440780:ShutdownFunctionInfo
8043D3F0:Type
80370B40:WriteCallback
80415620:YnSelEndFrameTbl
80415610:YnSelStartFrameTbl
803EE9D8:Z2Calc__cNullVec
804406D8:_1
80428370:_10489
804C2E50:_10668
804B1CC0:_107667
804B1CD8:_107668
80418420:_108676
803FA284:_109147
803D0F04:_110979
80411E6C:_111302
804166B4:_111549
80448A40:_1169
80449238:_1172
80449218:_1173
80448A6C:_1174
80448A84:_1175
80448A94:_1176
80411110:_122232
8042A278:_1242
80448C24:_1369
80448708:_1372
8042A74C:_1374
804490B8:_1375
804490E8:_1376
8042A810:_1377
80449110:_1382
8044871C:_1388
8044873C:_1389
8043EFD8:_1398
804487C8:_1419
80423B90:_14274
80442C94:_1433
80442CC0:_1435
80448860:_1448
8041E1CC:_14506
80448A08:_1516
80447F08:_1573
803F4268:_1618
803F54C4:_162
80443FF4:_1629
80447F84:_1631
804440B0:_1637
804464E8:_1638
804465B0:_1642
80447FD8:_1655
804468F8:_1656
80447008:_1658
804417DC:_1661
80447BB0:_1662
80447BE4:_1663
80447C08:_1664
80447C38:_1665
80447FE8:_1666
80447FF8:_1667
80448010:_1668
80447CE0:_1669
80447D0C:_1670
80447D38:_1671
804440D8:_1673
80447D54:_1674
8044415C:_1677
80444134:_1678
80441810:_1679
80441830:_1680
80441858:_1681
80446988:_1682
804469A8:_1683
804469E0:_1684
8044702C:_1685
80447048:_1686
8044708C:_1687
804418C8:_1692
80447D84:_1693
80447D98:_1694
80441914:_1695
80448038:_1702
80448048:_1703
80447144:_1704
8044716C:_1707
80446B54:_1708
80446B78:_1709
80446B9C:_1710
80448D58:_1716
80448D74:_1717
80448D94:_1718
804471D8:_1721
80447200:_1722
80448DB8:_1723
8044664C:_1724
80447230:_1725
80448098:_1732
80447840:_1744
80447860:_1745
804480C0:_1746
80447320:_1747
80447360:_1748
80447398:_1751
804441B4:_1761
80445188:_1775
80445FD8:_1777
804441DC:_1792
804441F0:_1793
80446730:_1798
80448140:_1799
8044749C:_1800
804474B8:_1801
804474E8:_1802
80447518:_1803
80447554:_1804
80447594:_1805
80448154:_1812
8044790C:_1822
8044816C:_1829
80446FD0:_1838
80447780:_1863
80447924:_1869
804451EC:_1911
80447DCC:_2067
80445388:_2107
8043E93C:_2197
80445ED8:_2212
80443CA0:_2277
80444E78:_2337
80449918:_2337__MSL_C_PPCEABI_bare_H_a
80447E70:_2338
80444EE8:_2362
80430C74:_2363
80430CF4:_2364
80445F18:_2368
80445F38:_2369
80444F14:_2372
80444FD4:_2377
80445028:_2396
804268BC:_2486
804268E8:_2487
80443CE0:_2488
80440030:_2561
80426974:_2584
80440300:_2587
8042B07C:_2616
804269C8:_2655
8042674C:_2656
804454E8:_2894
80445508:_2895
80445534:_2896
803F5498:_290
80445560:_2900
803F5420:_307
80445A60:_3125
80445A9C:_3195
804434A8:_3197
80445AD4:_3238
80445B08:_3250
80443790:_3252
80445B6C:_3318
80443B8C:_3319
80445BB0:_3358
80445BF4:_3359
8043F270:_3363
80445C60:_3377
8041E868:_339
8043F490:_3398
80445C84:_3404
80445CC4:_3405
80445CF4:_3406
80445D24:_3407
80440B1C:_3412
8043F700:_3481
80445D74:_3485
80445DB4:_3486
80445E70:_3491
80445EBC:_3519
8043F8F8:_3561
80440D0C:_3562
80440D24:_3563
8043E9C0:_3575
8043FBD4:_3676
804403B8:_3899
804C30C4:_45840
80441E40:_4801
80449A78:_488
80449A94:_522
80442EB0:_528
80442EEC:_529
80442AD0:_5866
8042A160:_607
8042A16C:_608
80440790:_6476
8042A350:_648
8042A384:_674
804407FC:_6779
80448B38:_704
80448B5C:_708
80448310:_712
8044832C:_713
80448364:_714
80448380:_728
80440944:_7415
8044846C:_778
8044848C:_779
804484A8:_780
804484C0:_781
80442D98:_783
804484E8:_784
80442DC4:_785
8044851C:_796
80448544:_809
80444358:_811
80448568:_812
80448424:_813
80444394:_814
804443A8:_815
804443B8:_816
804443D0:_817
80444404:_818
8044858C:_826
80429BB8:_827
80429BD0:_828
804485B0:_829
80429C40:_830
80442DD0:_831
80442DE8:_832
80442E00:_833
80426710:_8405
80444478:_861
804444A4:_863
80444638:_865
8044465C:_866
80444690:_867
80448664:_868
8044868C:_871
804446BC:_880
80442E34:_881
804486C8:_885
804BE7C0:_89082
80403734:_89094
80425220:_89226
8041B20C:_89289
804486EC:_895
8043D2D8:_896
80422BD4:_89751
8041BF30:_89752
80442E54:_901
804B93E8:_90160
8043D224:_902
803F5C7C:_90269
803F5CE4:_90271
803F5D48:_90277
803F5D84:_90283
8044616C:_906
804149B8:_90908
803FE3F4:_92709
804B0EA4:_93018
804B0F8C:_93030
803F6518:_93036
804B1010:_93037
8047D480:_93108
803F655C:_93115
803FEF88:_93132
803F6834:_93142
803F68A0:_93144
803FEF4C:_93374
80404878:_93589
80409EB4:_93610
804461B0:_942
803FFAD8:_94347
80446230:_946
80418ED8:_94770
80403E24:_94925
804B4D18:_95449
804B4FE8:_95450
804B4DFC:_95468
804B4E50:_95475
80444710:_955
804B9000:_95753
804B903C:_95758
804B909C:_95766
80400170:_96631
80446278:_979
804188F8:_97900
803FD804:_97962
804462E0:_981
804462BC:_982
80426E50:_STRING_nw4hbm__lyt__Material__SetIndTexSRTElement_unsigned_long__unsigned_long__float_
80426E18:_STRING_nw4hbm__lyt__Material__SetIndTexSRTElement_unsigned_long__unsigned_long__float__0
800000F8:__OSBusClock
803CE3D4:_ctors_99__Linker_Generated_Symbol_File
803CE3E8:_dtors_99__Linker_Generated_Symbol_File
803EE8F0:_stringBase0
803F4A48:_stringBase0__MSL_C_PPCEABI_bare_H_a
803F43D8:_stringBase0__Runtime_PPCEABI_H_a
80011F90:dbg_inst
804C2E98:decompMutex
804123D8:fileWarningProc
8053A9CC:freezeActors
80415090:init
804192A8:init_proc
80419050:init_process
80142A00:jntNodeCallBack_J3DJoint____int_
803EA1D8:l_bckTbl_M
803EA388:l_bckTbl_W
8040CD94:l_bmdTWTbl
8040CCA4:l_bmdTbl
803EA170:l_objTWTbl
803EA108:l_objTbl
803E9E50:l_resMADa
803E9F10:l_resMADa2
803E9E38:l_resMANa
803E9EF8:l_resMANa2
803E9E98:l_resMANb
803E9F58:l_resMANb2
803E9EB0:l_resMANc
803E9F70:l_resMANc2
803E9EC8:l_resMASa
803E9F88:l_resMASa2
803E9FE8:l_resMATa
803EA090:l_resMATa2
803E9EE0:l_resMBNa
803E9FA0:l_resMBNa2
803E9E68:l_resMCNa
803E9F28:l_resMCNa2
803E9E80:l_resMONa
803E9F40:l_resMONa2
8040CC2C:l_resNameTbl
803E9FD0:l_resWADa
803EA078:l_resWADa2
803E9FB8:l_resWANa
803EA060:l_resWANa2
803EA048:l_resWANb
803EA0F0:l_resWANb2
803EA000:l_resWCNa
803EA0A8:l_resWCNa2
803EA030:l_resWGNa
803EA0D8:l_resWGNa2
803EA018:l_resWONa
803EA0C0:l_resWONa2
804B174C:l_wcsbuf
804242C0:mEnemyInfo
80415D20:map_init_process
80415D50:map_move_process
80419098:move_process
800030C8:osModuleList
802443FC:phase_1_char___
80244478:phase_2_char___
804192E4:process
CC008000:wgPipe
