804D2940:Alarm
803516C8:Callback
8013BFE4:CheckCreateHeap_fopAc_ac_c___
8035BB0C:EraseCallback
8031A0CC:GDOverflowCheck
80058410:GXPosition2f32
80303F30:GXPosition3f32
80317C3C:J3DGDWriteBPCmd_unsigned_long_
8031A0EC:J3DGDWriteXFCmdHdr_unsigned_short__unsigned_char_
8031A140:J3DGDWrite_u16_unsigned_short_
8031A170:J3DGDWrite_u32_unsigned_long_
80320FB8:OSf32tos16
80320F9C:OSf32tou8
80365D28:OnShutdown
804016CC:SelEndFrameTbl
804016E4:SelOpenEndFrameTbl
804016D8:SelOpenStartFrameTbl
804016C0:SelStartFrameTbl
80428560:ShutdownFunctionInfo
804251C8:Type
8035B9A8:WriteCallback
80401700:YnSelEndFrameTbl
804016F0:YnSelStartFrameTbl
803DACF8:Z2Calc__cNullVec
804284B8:_1
803EA63C:_100028
804031F4:_103480
804A97D8:_10668
80404E24:_107359
80499CC8:_107698
80499CE0:_107699
803BBDC4:_110999
803FDF4C:_111345
803BBF48:_111361
803BBF80:_111585
803BBFE4:_111587
803ED258:_112024
80404C80:_112411
80430820:_1169
80431018:_1172
80430FF8:_1173
8043084C:_1174
80430864:_1175
80430874:_1176
80405C48:_117748
804061F4:_119368
80499CF8:_130081
80499D10:_130085
80499D28:_130089
80499D40:_130093
80430E98:_1375
80426DB8:_1398
804305A8:_1419
8040F8B8:_14274
8042AA74:_1433
8042AAA0:_1435
80430640:_1448
80409EEC:_14506
804307E8:_1516
8042FCE8:_1573
803E02E8:_1618
803E1544:_162
8042BDD4:_1629
8042FD64:_1631
8042BE90:_1637
8042E2C8:_1638
8042E390:_1642
8042FDB8:_1655
8042E6D8:_1656
8042EDE8:_1658
804295BC:_1661
8042F990:_1662
8042F9C4:_1663
8042F9E8:_1664
8042FA18:_1665
8042FDC8:_1666
8042FDD8:_1667
8042FDF0:_1668
8042FAC0:_1669
8042FAEC:_1670
8042FB18:_1671
8042BEB8:_1673
8042FB34:_1674
8042BF3C:_1677
8042BF14:_1678
804295F0:_1679
80429610:_1680
80429638:_1681
8042E768:_1682
8042E788:_1683
8042E7C0:_1684
8042EE0C:_1685
8042EE28:_1686
8042EE6C:_1687
804296A8:_1692
8042FB64:_1693
8042FB78:_1694
804296F4:_1695
8042FE18:_1702
8042FE28:_1703
8042EF24:_1704
8042EF4C:_1707
8042E934:_1708
8042E958:_1709
8042E97C:_1710
80430B38:_1716
80430B54:_1717
80430B74:_1718
8042EFB8:_1721
8042EFE0:_1722
80430B98:_1723
8042E42C:_1724
8042F010:_1725
8042FE78:_1732
8042F620:_1744
8042F640:_1745
8042FEA0:_1746
8042F100:_1747
8042F140:_1748
8042F178:_1751
8042BF94:_1761
8042CF68:_1775
8042DDB8:_1777
8042BFBC:_1792
8042BFD0:_1793
8042E510:_1798
8042FF20:_1799
8042F27C:_1800
8042F298:_1801
8042F2C8:_1802
8042F2F8:_1803
8042F334:_1804
8042F374:_1805
8042FF34:_1812
8042F6EC:_1822
8042FF4C:_1829
8042F560:_1863
8042F704:_1869
8042CFCC:_1911
8042FBAC:_2067
8042D168:_2107
8042671C:_2197
8042DCB8:_2212
8042BA80:_2277
8042CC58:_2337
804316F8:_2337__MSL_C_PPCEABI_bare_H_a
8042FC50:_2338
8042CCC8:_2362
80418A4C:_2363
80418ACC:_2364
8042DCF8:_2368
8042DD18:_2369
8042CCF4:_2372
8042CDB4:_2377
8042CE08:_2396
8042BAC0:_2488
804280E0:_2587
8042D2C8:_2894
8042D2E8:_2895
8042D314:_2896
803E1518:_290
8042D340:_2900
803E14A0:_307
8042D840:_3125
8042D87C:_3195
8042B288:_3197
8042D8B4:_3238
8042D8E8:_3250
8042B570:_3252
8042D94C:_3318
8042B96C:_3319
8042D990:_3358
8042D9D4:_3359
80427050:_3363
8042DA40:_3377
804271FC:_3379
8040A588:_339
80427270:_3398
804288FC:_3412
804274E0:_3481
8042DB54:_3485
8042DB94:_3486
8042DC50:_3491
8042DC9C:_3519
804279B4:_3676
80428198:_3899
804A9A4C:_45840
80431858:_488
80431874:_522
8042AC90:_528
8042ACCC:_529
804132D0:_549
80428570:_6476
80430918:_704
8043093C:_708
804300F0:_712
8043010C:_713
80430144:_714
80428724:_7415
8043024C:_778
8043026C:_779
80430288:_780
804302A0:_781
8042AB78:_783
804302C8:_784
8042ABA4:_785
804302FC:_796
80430324:_809
8042C138:_811
80430348:_812
80430204:_813
8042C174:_814
8042C188:_815
8042C198:_816
8042C1B0:_817
8042C1E4:_818
8043036C:_826
80430390:_829
8042ABB0:_831
8042ABC8:_832
8042ABE0:_833
8042C284:_863
8042C418:_865
8042C43C:_866
8042C470:_867
80430444:_868
8043046C:_871
8042C49C:_880
8042AC14:_881
804304A8:_885
803EF80C:_89094
803EF768:_89106
80406E84:_89289
803E5D60:_89447
804304CC:_895
804250B0:_896
80407C40:_89752
8042AC34:_901
80424FFC:_902
804325A0:_90203
803E1C2C:_90281
803E1C94:_90283
803E1CF8:_90289
8040EF00:_90512
8042DF4C:_906
804A3120:_90936
803E172C:_90937
8040EFBC:_91290
80406E90:_91528
80402438:_91718
804029FC:_92139
803FE6B4:_92186
80405840:_92621
803EA444:_92709
80498DC8:_93021
80498DD4:_93022
80498DE0:_93023
80498DEC:_93024
80498DF8:_93025
80498E8C:_93030
80498ED4:_93036
80498F10:_93037
803E24F8:_93045
80465380:_93108
803E27A4:_93147
803F0998:_93593
803F5F8C:_93610
804A5788:_93611
8042DF90:_942
8042E010:_946
803ED0A0:_94805
80405040:_94807
803ED1E4:_94817
8049CC18:_95449
8049CEE8:_95450
8049CD50:_95475
8042C4F0:_955
804A0F00:_95753
804A0F3C:_95758
804A0F9C:_95766
803FC9E8:_97651
803E96C4:_97962
803E9854:_97964
804049A0:_98040
804049DC:_98042
80404A14:_98044
80404A80:_98046
80404B08:_98048
80404B78:_98050
80404BDC:_98054
80407518:_99263
800000F8:__OSBusClock
803350EC:__RAS_OSDisableInterrupts_end__entry_of_OSDisableInterrupts_
803B9298:_ctors_99__Linker_Generated_Symbol_File
803B92A8:_dtors_99__Linker_Generated_Symbol_File
803DAC10:_stringBase0
803E0AC8:_stringBase0__MSL_C_PPCEABI_bare_H_a
803E0458:_stringBase0__Runtime_PPCEABI_H_a
80012084:dbg_inst
804A9820:decompMutex
803FE4B8:fileWarningProc
80401170:init
80405410:init_proc
804051B8:init_process
80143094:jntNodeCallBack_J3DJoint____int_
803D6218:l_bckTbl_M
803D63C8:l_bckTbl_W
803F8E6C:l_bmdTWTbl
803F8D7C:l_bmdTbl
803D61B0:l_objTWTbl
803D6148:l_objTbl
803D5E90:l_resMADa
803D5F50:l_resMADa2
803D5E78:l_resMANa
803D5F38:l_resMANa2
803D5ED8:l_resMANb
803D5F98:l_resMANb2
803D5EF0:l_resMANc
803D5FB0:l_resMANc2
803D5F08:l_resMASa
803D5FC8:l_resMASa2
803D6028:l_resMATa
803D60D0:l_resMATa2
803D5F20:l_resMBNa
803D5FE0:l_resMBNa2
803D5EA8:l_resMCNa
803D5F68:l_resMCNa2
803D5EC0:l_resMONa
803D5F80:l_resMONa2
803F8D04:l_resNameTbl
803D6010:l_resWADa
803D60B8:l_resWADa2
803D5FF8:l_resWANa
803D60A0:l_resWANa2
803D6088:l_resWANb
803D6130:l_resWANb2
803D6040:l_resWCNa
803D60E8:l_resWCNa2
803D6070:l_resWGNa
803D6118:l_resWGNa2
803D6058:l_resWONa
803D6100:l_resWONa2
8049964C:l_wcsbuf
8040FFE8:mEnemyInfo
80401E00:map_init_process
80401E30:map_move_process
80405200:move_process
800030C8:osModuleList
80243FFC:phase_1_char___
80244078:phase_2_char___
8040544C:process
CC008000:wgPipe
