804D2040:Alarm
80351298:Callback
8013C05C:CheckCreateHeap_fopAc_ac_c___
8035B6DC:EraseCallback
80319C9C:GDOverflowCheck
80058344:GXPosition2f32
80303B00:GXPosition3f32
8031780C:J3DGDWriteBPCmd_unsigned_long_
80319CBC:J3DGDWriteXFCmdHdr_unsigned_short__unsigned_char_
80319D10:J3DGDWrite_u16_unsigned_short_
80319D40:J3DGDWrite_u32_unsigned_long_
80320B88:OSf32tos16
80320B6C:OSf32tou8
803658A4:OnShutdown
8040092C:SelEndFrameTbl
80400944:SelOpenEndFrameTbl
80400938:SelOpenStartFrameTbl
80400920:SelStartFrameTbl
80427C60:ShutdownFunctionInfo
804248B8:Type
8035B578:WriteCallback
80400960:YnSelEndFrameTbl
80400950:YnSelStartFrameTbl
803D9FD8:Z2Calc__cNullVec
80427BB8:_1
803E9AAC:_100038
803D6618:_101720
804A8EB8:_10668
80404094:_107359
803BB944:_110999
803BBAC8:_111361
803BBB64:_111587
803FE188:_112693
80403F54:_113462
8042FF20:_1169
80430718:_1172
804306F8:_1173
8042FF4C:_1174
8042FF64:_1175
8042FF74:_1176
80405434:_119368
80499400:_130081
80499418:_130085
80499430:_130089
80499448:_130093
80430598:_1375
804264B8:_1398
8042FCA8:_1419
8040EFA8:_14274
8042A174:_1433
8042A1A0:_1435
8042FD40:_1448
804095CC:_14506
8042FEE8:_1516
8042F3E8:_1573
803DF5C8:_1618
803E0824:_162
8042B4D4:_1629
8042F464:_1631
8042B590:_1637
8042D9C8:_1638
8042DA90:_1642
8042F4B8:_1655
8042DDD8:_1656
8042E4E8:_1658
80428CBC:_1661
8042F090:_1662
8042F0C4:_1663
8042F0E8:_1664
8042F118:_1665
8042F4C8:_1666
8042F4D8:_1667
8042F4F0:_1668
8042F1C0:_1669
8042F1EC:_1670
8042F218:_1671
8042B5B8:_1673
8042F234:_1674
8042B63C:_1677
8042B614:_1678
80428CF0:_1679
80428D10:_1680
80428D38:_1681
8042DE68:_1682
8042DE88:_1683
8042DEC0:_1684
8042E50C:_1685
8042E528:_1686
8042E56C:_1687
80428DA8:_1692
8042F264:_1693
8042F278:_1694
80428DF4:_1695
8042F518:_1702
8042F528:_1703
8042E624:_1704
8042E64C:_1707
8042E034:_1708
8042E058:_1709
8042E07C:_1710
80430238:_1716
80430254:_1717
80430274:_1718
8042E6B8:_1721
8042E6E0:_1722
80430298:_1723
8042DB2C:_1724
8042E710:_1725
8042F578:_1732
8042ED20:_1744
8042ED40:_1745
8042F5A0:_1746
8042E800:_1747
8042E840:_1748
8042E878:_1751
8042B694:_1761
8042C668:_1775
8042D4B8:_1777
8042B6BC:_1792
8042B6D0:_1793
8042DC10:_1798
8042F620:_1799
8042E97C:_1800
8042E998:_1801
8042E9C8:_1802
8042E9F8:_1803
8042EA34:_1804
8042EA74:_1805
8042F634:_1812
8042EDEC:_1822
8042F64C:_1829
8042EC60:_1863
8042EE04:_1869
8042C6CC:_1911
8042F2AC:_2067
8042C868:_2107
80425E1C:_2197
8042D3B8:_2212
8042B180:_2277
8042C358:_2337
80430DF8:_2337__MSL_C_PPCEABI_bare_H_a
8042F350:_2338
8042C3C8:_2362
8041813C:_2363
804181BC:_2364
8042D3F8:_2368
8042D418:_2369
8042C3F4:_2372
8042C4B4:_2377
8042C508:_2396
8042B1C0:_2488
804277E0:_2587
8042C9C8:_2894
8042C9E8:_2895
8042CA14:_2896
803E07F8:_290
8042CA40:_2900
803E0780:_307
8042CF40:_3125
8042CF7C:_3195
8042A988:_3197
8042CFB4:_3238
8042CFE8:_3250
8042AC70:_3252
8042D04C:_3318
8042B06C:_3319
8042D090:_3358
8042D0D4:_3359
80426750:_3363
8042D140:_3377
804268FC:_3379
80409C68:_339
80426970:_3398
80427FFC:_3412
80426BE0:_3481
8042D254:_3485
8042D294:_3486
8042D350:_3491
8042D39C:_3519
804270B4:_3676
80427898:_3899
804A912C:_45840
80430F58:_488
80430F74:_522
8042A390:_528
8042A3CC:_529
804129C0:_549
80427C70:_6476
80430018:_704
8043003C:_708
8042F7F0:_712
8042F80C:_713
8042F844:_714
80427E24:_7415
8042F94C:_778
8042F96C:_779
8042F988:_780
8042F9A0:_781
8042A278:_783
8042F9C8:_784
8042A2A4:_785
8042F9FC:_796
8042FA24:_809
8042B838:_811
8042FA48:_812
8042F904:_813
8042B874:_814
8042B888:_815
8042B898:_816
8042B8B0:_817
8042B8E4:_818
8042FA6C:_826
8042FA90:_829
8042A2B0:_831
8042A2C8:_832
8042A2E0:_833
8042B984:_863
8042BB18:_865
8042BB3C:_866
8042BB70:_867
8042FB44:_868
8042FB6C:_871
8042BB9C:_880
8042A314:_881
8042FBA8:_885
803EEA6C:_89094
803EE9C8:_89106
804065B4:_89289
8042FBCC:_895
804247A0:_896
80407320:_89752
8042A334:_901
804246EC:_902
803E0F0C:_90278
803E0F74:_90280
803E0FD8:_90286
8040E5E0:_90512
8042D64C:_906
804A2808:_90936
803E0A0C:_90937
8040E69C:_91290
804065C0:_91528
804018D8:_91742
80401908:_91744
80401938:_91746
80401964:_91748
80401B58:_92135
803FD914:_92186
80404A80:_92621
803E9694:_92709
804984D0:_93021
804984DC:_93022
804984E8:_93023
80498500:_93025
80498594:_93030
804985C4:_93034
804985DC:_93036
80498618:_93037
803E1798:_93045
80464A80:_93108
803E1A44:_93147
803E1CAC:_93264
803EFBF8:_93593
803F51EC:_93610
8042D690:_942
80406308:_94578
80406378:_94584
8042D710:_946
803EC300:_94805
80404280:_94807
803EC444:_94817
8049C320:_95449
8049C5F0:_95450
8049C458:_95475
8042BBF0:_955
804A09C0:_95518
804A0608:_95753
804A0644:_95758
804A06A4:_95766
80404630:_96348
80402AB4:_97071
80400F80:_97558
803FBC48:_97651
803E8914:_97962
803E8AA4:_97964
80406BAC:_99102
800000F8:__OSBusClock
803B8E18:_ctors_99__Linker_Generated_Symbol_File
803B8E28:_dtors_99__Linker_Generated_Symbol_File
803D9EF0:_stringBase0
803DFDA8:_stringBase0__MSL_C_PPCEABI_bare_H_a
803DF738:_stringBase0__Runtime_PPCEABI_H_a
800120BC:dbg_inst
804A8F00:decompMutex
803FD718:fileWarningProc
805209D4:freezeActors
804003D0:init
80404650:init_proc
804043F8:init_process
8014310C:jntNodeCallBack_J3DJoint____int_
803D54D8:l_bckTbl_M
803D5688:l_bckTbl_W
803F80CC:l_bmdTWTbl
803F7FDC:l_bmdTbl
803D5470:l_objTWTbl
803D5408:l_objTbl
803D5150:l_resMADa
803D5210:l_resMADa2
803D5138:l_resMANa
803D51F8:l_resMANa2
803D5198:l_resMANb
803D5258:l_resMANb2
803D51B0:l_resMANc
803D5270:l_resMANc2
803D51C8:l_resMASa
803D5288:l_resMASa2
803D52E8:l_resMATa
803D5390:l_resMATa2
803D51E0:l_resMBNa
803D52A0:l_resMBNa2
803D5168:l_resMCNa
803D5228:l_resMCNa2
803D5180:l_resMONa
803D5240:l_resMONa2
803F7F64:l_resNameTbl
803D52D0:l_resWADa
803D5378:l_resWADa2
803D52B8:l_resWANa
803D5360:l_resWANa2
803D5348:l_resWANb
803D53F0:l_resWANb2
803D5300:l_resWCNa
803D53A8:l_resWCNa2
803D5330:l_resWGNa
803D53D8:l_resWGNa2
803D5318:l_resWONa
803D53C0:l_resWONa2
80498D54:l_wcsbuf
8040F6D8:mEnemyInfo
80401060:map_init_process
80401090:map_move_process
80404440:move_process
800030C8:osModuleList
80243B88:phase_1_char___
80243C04:phase_2_char___
8040468C:process
CC008000:wgPipe
